<?xml version="1.0" encoding="UTF-8"?>
<testsuites name="jest tests" tests="4" failures="0" errors="0" time="0.306">
  <testsuite name="#183 inbound credential isolation" errors="0" failures="0" skipped="0" timestamp="2026-06-07T14:16:24" time="0.244" tests="4">
    <testcase classname="#183 inbound credential isolation reads per-tenant inbound credentials (workspace_inbound_credentials)" name="#183 inbound credential isolation reads per-tenant inbound credentials (workspace_inbound_credentials)" time="0.003">
    </testcase>
    <testcase classname="#183 inbound credential isolation NEVER references the platform master AADE credentials" name="#183 inbound credential isolation NEVER references the platform master AADE credentials" time="0.001">
    </testcase>
    <testcase classname="#183 inbound credential isolation NEVER uses the shared master-credential resolver (resolveAadeCredentials)" name="#183 inbound credential isolation NEVER uses the shared master-credential resolver (resolveAadeCredentials)" time="0.001">
    </testcase>
    <testcase classname="#183 inbound credential isolation only resolves the non-credential base URL as a platform secret" name="#183 inbound credential isolation only resolves the non-credential base URL as a platform secret" time="0.001">
    </testcase>
  </testsuite>
</testsuites>